
   FAIL  Tests\Feature\RolePermissionTest
  Γ¿» admin content can manage agendas but cannot delete                  11.67s  
  Γ¿» admin finance can manage transactions but cannot delete              0.13s  
  Γ¿» admin soal can manage categories but cannot delete                   0.12s  
  Γ£ô super admin has full access including deletion                       0.13s  
  ΓöÇΓöÇΓöÇΓöÇΓöÇΓöÇΓöÇΓöÇΓöÇΓöÇΓöÇΓöÇΓöÇΓöÇΓöÇΓöÇΓöÇΓöÇΓöÇΓöÇΓöÇΓöÇΓöÇΓöÇΓöÇΓöÇΓöÇΓöÇΓöÇΓöÇΓöÇΓöÇΓöÇΓöÇΓöÇΓöÇΓöÇΓöÇΓöÇΓöÇΓöÇΓöÇΓöÇΓöÇΓöÇΓöÇΓöÇΓöÇΓöÇΓöÇΓöÇΓöÇΓöÇΓöÇΓöÇΓöÇΓöÇΓöÇΓöÇΓöÇΓöÇΓöÇΓöÇΓöÇΓöÇΓöÇΓöÇΓöÇΓöÇΓöÇΓöÇΓöÇΓöÇΓöÇΓöÇΓöÇ  
   FAILED  Tests\Feature\RolePermissionTest > adminΓÇª   BadMethodCallException   
  Call to undefined method App\Models\User::getDefaultGuardName()

  at vendor/laravel/framework/src/Illuminate/Support/Traits/ForwardsCalls.php:67
     63Γûò      * @throws \BadMethodCallException
     64Γûò      */
     65Γûò     protected static function throwBadMethodCallException($method)
     66Γûò     {
  Γ₧£  67Γûò         throw new BadMethodCallException(sprintf(
     68Γûò             'Call to undefined method %s::%s()', static::class, $method
     69Γûò         ));
     70Γûò     }
     71Γûò }

      [2m+3 vendor frames [22m
  4   tests/Feature/RolePermissionTest.php:66

  ΓöÇΓöÇΓöÇΓöÇΓöÇΓöÇΓöÇΓöÇΓöÇΓöÇΓöÇΓöÇΓöÇΓöÇΓöÇΓöÇΓöÇΓöÇΓöÇΓöÇΓöÇΓöÇΓöÇΓöÇΓöÇΓöÇΓöÇΓöÇΓöÇΓöÇΓöÇΓöÇΓöÇΓöÇΓöÇΓöÇΓöÇΓöÇΓöÇΓöÇΓöÇΓöÇΓöÇΓöÇΓöÇΓöÇΓöÇΓöÇΓöÇΓöÇΓöÇΓöÇΓöÇΓöÇΓöÇΓöÇΓöÇΓöÇΓöÇΓöÇΓöÇΓöÇΓöÇΓöÇΓöÇΓöÇΓöÇΓöÇΓöÇΓöÇΓöÇΓöÇΓöÇΓöÇΓöÇΓöÇ  
   FAILED  Tests\Feature\RolePermissionTest > admin finance can manage transΓÇª   
  Admin Finance dilarang masuk ke menu Agenda
Failed asserting that true is false.

  at tests/Feature/RolePermissionTest.php:90
     86Γûò         // Uji Akses Hapus Konten (Transaction) - HARUS FALSE
     87Γûò         $this->assertFalse(TransactionResource::canDeleteAny(), 'Admin Finance TIDAK BOLEH menghapus data pembayaran');
     88Γûò 
     89Γûò         // Uji Keterasingan Modul: Finance tidak merecoki Modul Konten
  Γ₧£  90Γûò         $this->assertFalse(AgendaResource::canViewAny(), 'Admin Finance dilarang masuk ke menu Agenda');
     91Γûò     }
     92Γûò 
     93Γûò     public function test_admin_soal_can_manage_categories_but_cannot_delete()
     94Γûò     {

  1   tests/Feature/RolePermissionTest.php:90

  ΓöÇΓöÇΓöÇΓöÇΓöÇΓöÇΓöÇΓöÇΓöÇΓöÇΓöÇΓöÇΓöÇΓöÇΓöÇΓöÇΓöÇΓöÇΓöÇΓöÇΓöÇΓöÇΓöÇΓöÇΓöÇΓöÇΓöÇΓöÇΓöÇΓöÇΓöÇΓöÇΓöÇΓöÇΓöÇΓöÇΓöÇΓöÇΓöÇΓöÇΓöÇΓöÇΓöÇΓöÇΓöÇΓöÇΓöÇΓöÇΓöÇΓöÇΓöÇΓöÇΓöÇΓöÇΓöÇΓöÇΓöÇΓöÇΓöÇΓöÇΓöÇΓöÇΓöÇΓöÇΓöÇΓöÇΓöÇΓöÇΓöÇΓöÇΓöÇΓöÇΓöÇΓöÇΓöÇΓöÇ  
   FAILED  Tests\Feature\RolePermissionTest > admin soal can manage categoriΓÇª   
  Admin Soal dilarang menyentuh transaksi pembayaran
Failed asserting that true is false.

  at tests/Feature/RolePermissionTest.php:107
    103Γûò         // Uji Akses Hapus (Category) - HARUS FALSE
    104Γûò         $this->assertFalse(CategoryResource::canDeleteAny(), 'Admin Soal TIDAK BOLEH menghapus massal relasi Kategori');
    105Γûò 
    106Γûò         // Uji Keterasingan Relasi
  Γ₧£ 107Γûò         $this->assertFalse(TransactionResource::canViewAny(), 'Admin Soal dilarang menyentuh transaksi pembayaran');
    108Γûò     }
    109Γûò 
    110Γûò     public function test_super_admin_has_full_access_including_deletion()
    111Γûò     {

  1   tests/Feature/RolePermissionTest.php:107


  Tests:    3 failed, 1 passed (13 assertions)
  Duration: 12.21s

